// Jest Snapshot v1, https://goo.gl/fbAQLP

exports[`Renders Big hero component 1`] = `
<div
  className="position-relative hero  "
>
  <div
    className="hero-img"
  >
    <img
      alt="BackDrop"
      className="w-100 backdrop"
      src="https://image.tmdb.org/t/p/original/inJjDhCjfhh3RtrJWBmmDqeuSYC.jpg"
    />
  </div>
  <div
    className="position-absolute info-cont d-flex"
  >
    <img
      alt="Poster"
      src="https://image.tmdb.org/t/p/w342/pgqgaUx1cJb5oZQQ5v0tNARCeBp.jpg"
    />
    <div
      className="w-75 text-justify info"
    >
      <h1
        className="title"
      >
        Godzilla vs. Kong
      </h1>
      <div
        className="d-flex genres"
      >
        <p>
          <button
            name="Action"
            type="button"
          >
            Action
          </button>
        </p>
        <p>
          <button
            name="Science Fiction"
            type="button"
          >
            Science Fiction
          </button>
        </p>
        <p
          className="rating"
        >
          <svg
            aria-hidden="true"
            className="svg-inline--fa fa-star fa-w-18 rating-star"
            data-icon="star"
            data-prefix="fas"
            focusable="false"
            role="img"
            style={Object {}}
            viewBox="0 0 576 512"
            xmlns="http://www.w3.org/2000/svg"
          >
            <path
              d="M259.3 17.8L194 150.2 47.9 171.5c-26.2 3.8-36.7 36.1-17.7 54.6l105.7 103-25 145.5c-4.5 26.3 23.2 46 46.4 33.7L288 439.6l130.7 68.7c23.2 12.2 50.9-7.4 46.4-33.7l-25-145.5 105.7-103c19-18.5 8.5-50.8-17.7-54.6L382 150.2 316.7 17.8c-11.7-23.6-45.6-23.9-57.4 0z"
              fill="currentColor"
              style={Object {}}
            />
          </svg>
          8.4
        </p>
      </div>
      <p
        className="desc"
      >
        In a time when monsters walk the Earth, humanityâ€™s fight for its future sets Godzilla and Kong on a collision course that will see the two most powerful forces of nature on the planet collide in a spectacular battle for the ages.
      </p>
      <div
        className="trailer-cont w-25"
      >
        <a
          className="trailer d-flex align-items-center"
          href="https://www.youtube.com/watch?v=undefined"
          rel="noreferrer"
          target="_blank"
        >
          <svg
            aria-hidden="true"
            className="svg-inline--fa fa-play fa-w-14 play-icon"
            data-icon="play"
            data-prefix="fas"
            focusable="false"
            role="img"
            style={Object {}}
            viewBox="0 0 448 512"
            xmlns="http://www.w3.org/2000/svg"
          >
            <path
              d="M424.4 214.7L72.4 6.6C43.8-10.3 0 6.1 0 47.9V464c0 37.5 40.7 60.1 72.4 41.3l352-208c31.4-18.5 31.5-64.1 0-82.6z"
              fill="currentColor"
              style={Object {}}
            />
          </svg>
          Trailer
        </a>
      </div>
    </div>
  </div>
</div>
`;
