// Jest Snapshot v1, https://goo.gl/fbAQLP

exports[`Renders Movies Posters 1`] = `
<li
  className="single-poster"
>
  <div
    className="movie position-relative"
    onClick={[Function]}
    role="presentation"
  >
    <div
      className="poster-img"
    >
      <img
        alt="Poster"
        src="https://image.tmdb.org/t/p/w342/pgqgaUx1cJb5oZQQ5v0tNARCeBp.jpg"
      />
    </div>
    <div
      className="w-100 info-cont-catalogue position-absolute"
    >
      <div
        className="info-top d-flex justify-content-between"
      >
        <h3>
          Godzilla vs. Kong
        </h3>
        <p
          className="catalogue-rating"
        >
          <svg
            aria-hidden="true"
            className="svg-inline--fa fa-star fa-w-18 rating-star"
            data-icon="star"
            data-prefix="fas"
            focusable="false"
            role="img"
            style={Object {}}
            viewBox="0 0 576 512"
            xmlns="http://www.w3.org/2000/svg"
          >
            <path
              d="M259.3 17.8L194 150.2 47.9 171.5c-26.2 3.8-36.7 36.1-17.7 54.6l105.7 103-25 145.5c-4.5 26.3 23.2 46 46.4 33.7L288 439.6l130.7 68.7c23.2 12.2 50.9-7.4 46.4-33.7l-25-145.5 105.7-103c19-18.5 8.5-50.8-17.7-54.6L382 150.2 316.7 17.8c-11.7-23.6-45.6-23.9-57.4 0z"
              fill="currentColor"
              style={Object {}}
            />
          </svg>
          8.4
        </p>
      </div>
      <ul
        className="catalogue-genres flex-wrap d-flex"
      >
        <li>
          <button
            name="Action"
            type="button"
          >
            Action
          </button>
        </li>
        <li>
          <button
            name="Science Fiction"
            type="button"
          >
            Science Fiction
          </button>
        </li>
      </ul>
    </div>
  </div>
</li>
`;
